002 K1 Face Original.words.json
006 K1 Face Original .words.json
007 K1 Face Original .words.json
